// Jest Snapshot v1, https://goo.gl/fbAQLP

exports[`BrandLogoText renders correct snapshot 1`] = `
<div
  className="brand-logo__text"
>
  <span
    className="text--color-brand-dark-blue"
  >
    Home
  </span>
  <span
    className="text--color-brand-light-blue"
  >
    Yantra
  </span>
</div>
`;
